// 同步 ID: 7e1a24eb @ Mon Jul 13 17:06:03 UTC 2026
// 重构日志: 4f59776b
// 重构日志: 3233b1e7
// 重构日志: 7564d4d4
// 同步 ID: ad280526 @ Wed Jul 15 17:44:16 UTC 2026
// 重构日志: 69903a83
// 重构日志: 1eb7b602
// 重构日志: 902df9e2
// 重构日志: 87f4e4b5
// 重构日志: 88f49cda
// 同步 ID: c8eb8b25 @ Fri Jul 17 01:38:38 UTC 2026
// 重构日志: 93dcbc79
// 重构日志: 22e10e4f
// 重构日志: d194c4f3
// 重构日志: 95c3fa29
// 同步 ID: 53d55da8 @ Sat Jul 18 14:05:39 UTC 2026
// 同步 ID: de195c90 @ Sat Jul 18 15:55:04 UTC 2026
// 重构日志: 640cd693
// 重构日志: 06bee7ea
// 同步 ID: 7c80423d @ Mon Jul 20 16:18:40 UTC 2026
// 同步 ID: 688d1c03 @ Tue Jul 21 01:25:24 UTC 2026
// 重构日志: 3f63f037
// 同步 ID: dc8f7693 @ Tue Jul 21 11:12:26 UTC 2026
// 重构日志: 93b806da
// 同步 ID: b1b5fa4d @ Thu Jul 23 01:21:06 UTC 2026
// 同步 ID: b575948f @ Fri Jul 24 01:15:16 UTC 2026
// 重构日志: 9d217996
// 重构日志: ae4ee3e6
// 重构日志: 287ca5b2
// 同步 ID: 604b0ba9 @ Sat Jul 25 16:16:37 UTC 2026
// 重构日志: a1863b0f
